2025-08-01 15:32:37,233 - profibus.CIFX70E_DP - DEBUG - starting to use CIFX70E_DP module
2025-08-01 15:32:37,261 - fls_cli.fls_cli - INFO - Program started
2025-08-01 15:32:37,263 - profibus.CIFX70E_DP - INFO - cifX70e driver is open, continuing workflow.
2025-08-01 15:32:39,265 - profibus.CIFX70E_DP - INFO - Passed: Card detected succesfully
2025-08-01 15:32:41,269 - profibus.CIFX70E_DP - INFO - Passed: Device connected succesfully
2025-08-01 15:32:43,273 - fls_cli.fls_cli - INFO - --- Starting run operation ---
2025-08-01 15:32:43,274 - fls_cli.fls_cli - INFO - 
--- Reading Data ---
2025-08-01 15:32:43,274 - fls_cli.fls_cli - INFO - Reading from simulator...
2025-08-01 15:32:43,276 - fls_cli.fls_cli - INFO - 
--- Processing Data ---
2025-08-01 15:32:43,400 - core.text_logger - ERROR - Error 10002: No unprocessed images found.
Logger is defined correctly2025-08-01 15:32:43,400 - core.image_processor - WARNING - No image found in the directory
2025-08-01 15:33:30,653 - profibus.CIFX70E_DP - DEBUG - starting to use CIFX70E_DP module
2025-08-01 15:33:30,675 - fls_cli.fls_cli - INFO - Program started
2025-08-01 15:33:30,677 - profibus.CIFX70E_DP - INFO - cifX70e driver is open, continuing workflow.
2025-08-01 15:33:32,678 - profibus.CIFX70E_DP - INFO - Passed: Card detected succesfully
2025-08-01 15:33:34,680 - profibus.CIFX70E_DP - INFO - Passed: Device connected succesfully
2025-08-01 15:33:36,683 - fls_cli.fls_cli - INFO - --- Starting run operation ---
2025-08-01 15:33:36,683 - fls_cli.fls_cli - INFO - 
--- Reading Data ---
2025-08-01 15:33:36,683 - fls_cli.fls_cli - INFO - Reading from simulator...
2025-08-01 15:33:36,685 - fls_cli.fls_cli - INFO - 
--- Processing Data ---
2025-08-01 15:33:36,828 - core.text_logger - ERROR - Error 10002: No unprocessed images found.
Logger is defined correctly
2025-08-01 15:33:36,828 - core.image_processor - WARNING - No image found in the directory
2025-08-01 16:02:37,753 - profibus.CIFX70E_DP - DEBUG - starting to use CIFX70E_DP module
2025-08-01 16:02:37,761 - FLS_CLI - INFO - Program started
2025-08-01 16:02:37,769 - profibus.CIFX70E_DP - INFO - cifX70e driver is open, continuing workflow.
2025-08-01 16:02:39,772 - profibus.CIFX70E_DP - INFO - Passed: Card detected succesfully
2025-08-01 16:02:41,777 - profibus.CIFX70E_DP - INFO - Passed: Device connected succesfully
2025-08-01 16:02:43,781 - FLS_CLI - INFO - --- Starting run operation ---
2025-08-01 16:02:43,782 - FLS_CLI - INFO - 
--- Reading Data ---
2025-08-01 16:02:43,782 - FLS_CLI - INFO - Reading from simulator...
2025-08-01 16:02:43,799 - FLS_CLI - INFO - 
--- Processing Data ---
2025-08-01 16:02:43,954 - core.text_logger - ERROR - Error 10002: No unprocessed images found.
Logger is defined correctly
2025-08-01 16:02:43,954 - core.image_processor - WARNING - No image found in the directory
2025-08-01 16:09:05,231 - CIFX70E_DP - DEBUG - starting to use CIFX70E_DP module
2025-08-01 16:09:05,241 - FLS_CLI - INFO - Program started
2025-08-01 16:09:05,247 - CIFX70E_DP - INFO - Passed: cifX70e driver is open, continuing workflow.
2025-08-01 16:09:07,250 - CIFX70E_DP - INFO - Passed: Card detected succesfully
2025-08-01 16:09:09,255 - CIFX70E_DP - INFO - Passed: Device connected succesfully
2025-08-01 16:09:11,260 - FLS_CLI - INFO - --- Starting run operation ---
2025-08-01 16:09:11,260 - FLS_CLI - INFO - 
--- Starting Reading Operation ---
2025-08-01 16:09:11,260 - FLS_CLI - INFO - No hardware information, starting to read from simulator
2025-08-01 16:09:11,262 - FLS_CLI - INFO - 
--- Starting Processing Operation ---
2025-08-01 16:09:11,400 - core.text_logger - ERROR - Error 10002: No unprocessed images found.
Logger is defined correctly
2025-08-01 16:09:11,400 - core.image_processor - WARNING - No image found in the directory
2025-08-01 16:21:03,610 - CIFX70E_DP - DEBUG - starting to use CIFX70E_DP module
2025-08-01 16:21:03,619 - FLS_CLI - INFO - Program started
2025-08-01 16:21:03,625 - CIFX70E_DP - INFO - Passed: cifX70e driver is open, continuing workflow.
2025-08-01 16:21:05,627 - CIFX70E_DP - INFO - Passed: Card detected succesfully
2025-08-01 16:21:07,632 - CIFX70E_DP - INFO - Passed: Device connected succesfully
2025-08-01 16:22:52,637 - CIFX70E_DP - DEBUG - starting to use CIFX70E_DP module
2025-08-01 16:22:52,645 - FLS_CLI - INFO - Program started
2025-08-01 16:22:52,653 - CIFX70E_DP - INFO - Passed: cifX70e driver is open, continuing workflow.
2025-08-01 16:22:54,656 - CIFX70E_DP - INFO - Passed: Card detected succesfully
2025-08-01 16:22:56,660 - CIFX70E_DP - INFO - Passed: Device connected succesfully
2025-08-01 16:23:35,716 - CIFX70E_DP - DEBUG - starting to use CIFX70E_DP module
2025-08-01 16:23:35,725 - FLS_CLI - INFO - Program started
2025-08-01 16:23:35,734 - CIFX70E_DP - INFO - Passed: cifX70e driver is open, continuing workflow.
2025-08-01 16:23:37,737 - CIFX70E_DP - INFO - Passed: Card detected succesfully
2025-08-01 16:23:39,741 - CIFX70E_DP - INFO - Passed: Device connected succesfully
2025-08-01 16:23:41,744 - FLS_CLI - INFO - --- Starting run operation ---
2025-08-01 16:23:41,744 - FLS_CLI - INFO - 
--- Starting Reading Operation ---
2025-08-01 16:23:41,744 - FLS_CLI - INFO - No hardware information, starting to read from simulator
2025-08-01 16:23:41,746 - FLS_CLI - INFO - 
--- Starting Processing Operation ---
2025-08-01 16:23:41,880 - core.text_logger - ERROR - Error 10002: No unprocessed images found.
Logger is defined correctly
2025-08-01 16:23:41,881 - core.image_processor - WARNING - No image found in the directory
2025-08-01 16:27:01,543 - CIFX70E_DP - DEBUG - starting to use CIFX70E_DP module
2025-08-01 16:27:01,552 - FLS_CLI - INFO - Program started
2025-08-01 16:27:01,559 - CIFX70E_DP - INFO - Passed: cifX70e driver is open, continuing workflow.
2025-08-01 16:27:03,562 - CIFX70E_DP - INFO - Passed: Card detected succesfully
2025-08-01 16:27:05,566 - CIFX70E_DP - INFO - Passed: Device connected succesfully
2025-08-01 16:27:07,570 - FLS_CLI - INFO - --- Starting run operation ---
2025-08-01 16:27:07,570 - FLS_CLI - INFO - 
--- Starting Reading Operation ---
2025-08-01 16:27:07,570 - FLS_CLI - INFO - No hardware information, starting to read from simulator
2025-08-01 16:27:07,572 - FLS_CLI - INFO - 
--- Starting Processing Operation ---
2025-08-01 16:27:07,693 - core.text_logger - ERROR - Error 10002: No unprocessed images found.
Logger is defined correctly
2025-08-01 16:27:07,693 - core.image_processor - WARNING - No image found in the directory
2025-08-01 16:28:00,187 - CIFX70E_DP - DEBUG - starting to use CIFX70E_DP module
2025-08-01 16:28:00,197 - FLS_CLI - INFO - Program started
2025-08-01 16:28:00,206 - CIFX70E_DP - INFO - Passed: cifX70e driver is open, continuing workflow.
2025-08-01 16:28:02,209 - CIFX70E_DP - INFO - Passed: Card detected succesfully
2025-08-01 16:28:04,214 - CIFX70E_DP - INFO - Passed: Device connected succesfully
2025-08-01 16:28:06,218 - FLS_CLI - INFO - --- Starting run operation ---
2025-08-01 16:28:06,218 - FLS_CLI - INFO - 
--- Starting Reading Operation ---
2025-08-01 16:28:06,219 - FLS_CLI - INFO - No hardware information, starting to read from simulator
2025-08-01 16:28:06,220 - FLS_CLI - INFO - 
--- Starting Processing Operation ---
2025-08-01 16:28:06,359 - core.text_logger - ERROR - Error 10002: No unprocessed images found.
Logger is defined correctly
2025-08-01 16:28:06,359 - core.image_processor - WARNING - No image found in the directory
2025-08-01 16:31:51,156 - CIFX70E_DP - DEBUG - starting to use CIFX70E_DP module
2025-08-01 16:31:51,172 - FLS_CLI - INFO - Program started
2025-08-01 16:31:51,180 - CIFX70E_DP - INFO - Passed: cifX70e driver is open, continuing workflow.
2025-08-01 16:31:53,182 - CIFX70E_DP - INFO - Passed: Card detected succesfully
2025-08-01 16:31:55,187 - CIFX70E_DP - INFO - Passed: Device connected succesfully
2025-08-01 16:31:57,190 - FLS_CLI - INFO - --- Starting run operation ---
2025-08-01 16:31:57,191 - FLS_CLI - INFO - 
--- Starting Reading Operation ---
2025-08-01 16:31:57,191 - FLS_CLI - INFO - No hardware information, starting to read from simulator
2025-08-01 16:31:57,193 - FLS_CLI - INFO - 
--- Starting Processing Operation ---
2025-08-01 16:31:57,331 - core.text_logger - ERROR - Error 10002: No unprocessed images found.
Logger is defined correctly
2025-08-01 16:31:57,331 - core.image_processor - WARNING - No image found in the directory
2025-08-01 16:32:14,548 - CIFX70E_DP - DEBUG - starting to use CIFX70E_DP module
2025-08-01 16:32:14,560 - FLS_CLI - INFO - Program started
2025-08-01 16:32:21,169 - CIFX70E_DP - DEBUG - starting to use CIFX70E_DP module
2025-08-01 16:32:21,177 - FLS_CLI - INFO - Program started
2025-08-01 16:32:21,184 - CIFX70E_DP - INFO - Passed: cifX70e driver is open, continuing workflow.
2025-08-01 16:32:23,187 - CIFX70E_DP - INFO - Passed: Card detected succesfully
2025-08-01 16:32:25,192 - CIFX70E_DP - INFO - Passed: Device connected succesfully
2025-08-01 16:32:27,196 - FLS_CLI - INFO - --- Starting run operation ---
2025-08-01 16:32:27,196 - FLS_CLI - INFO - 
--- Starting Reading Operation ---
2025-08-01 16:32:27,197 - FLS_CLI - INFO - No hardware information, starting to read from simulator
2025-08-01 16:32:27,198 - FLS_CLI - INFO - 
--- Starting Processing Operation ---
2025-08-01 16:32:27,327 - core.text_logger - ERROR - Error 10002: No unprocessed images found.
Logger is defined correctly
2025-08-01 16:32:27,328 - core.image_processor - WARNING - No image found in the directory
2025-08-01 16:33:07,989 - CIFX70E_DP - DEBUG - starting to use CIFX70E_DP module
2025-08-01 16:33:08,001 - FLS_CLI - INFO - Program started
2025-08-01 16:33:08,007 - CIFX70E_DP - INFO - Passed: cifX70e driver is open, continuing workflow.
2025-08-01 16:33:10,010 - CIFX70E_DP - INFO - Passed: Card detected succesfully
2025-08-01 16:33:12,013 - CIFX70E_DP - INFO - Passed: Device connected succesfully
2025-08-01 16:33:14,015 - FLS_CLI - INFO - --- Starting run operation ---
2025-08-01 16:33:14,015 - FLS_CLI - INFO - 
--- Starting Reading Operation ---
2025-08-01 16:33:14,015 - FLS_CLI - INFO - No hardware information, starting to read from simulator
2025-08-01 16:33:14,016 - FLS_CLI - INFO - 
--- Starting Processing Operation ---
2025-08-01 16:33:14,124 - core.text_logger - ERROR - Error 10002: No unprocessed images found.
Logger is defined correctly
2025-08-01 16:33:14,124 - core.image_processor - WARNING - No image found in the directory
2025-08-01 16:34:37,949 - CIFX70E_DP - DEBUG - starting to use CIFX70E_DP module
2025-08-01 16:34:37,958 - FLS_CLI - INFO - Program started
2025-08-01 16:34:37,965 - CIFX70E_DP - INFO - Passed: cifX70e driver is open, continuing workflow.
2025-08-01 16:34:39,967 - CIFX70E_DP - INFO - Passed: Card detected succesfully
2025-08-01 16:34:41,971 - CIFX70E_DP - INFO - Passed: Device connected succesfully
2025-08-01 16:34:43,973 - FLS_CLI - INFO - cifX70e driver is open. Give an argument to process functions
2025-08-01 16:34:43,975 - FLS_CLI - INFO - --- Starting run operation ---
2025-08-01 16:34:43,975 - FLS_CLI - INFO - 
--- Starting Reading Operation ---
2025-08-01 16:34:43,976 - FLS_CLI - INFO - Reading from hardware
2025-08-01 16:34:43,977 - FLS_CLI - INFO - 
--- Starting Processing Operation ---
2025-08-01 16:34:44,114 - core.text_logger - ERROR - Error 10002: No unprocessed images found.
Logger is defined correctly
2025-08-01 16:34:44,114 - core.image_processor - WARNING - No image found in the directory
2025-08-01 16:34:44,115 - FLS_CLI - INFO - cifX70e driver closed.
2025-08-01 16:37:51,221 - CIFX70E_DP - DEBUG - starting to use CIFX70E_DP module
2025-08-01 16:37:51,231 - FLS_CLI - INFO - Program started
2025-08-01 16:37:51,238 - CIFX70E_DP - INFO - Passed: cifX70e driver is open, continuing workflow.
2025-08-01 16:37:53,241 - CIFX70E_DP - INFO - Passed: Card detected succesfully
2025-08-01 16:37:55,246 - CIFX70E_DP - INFO - Passed: Device connected succesfully
2025-08-01 16:37:57,249 - FLS_CLI - INFO - cifX70e driver is open. Give an argument to process functions
2025-08-01 16:37:57,250 - FLS_CLI - INFO - --- Starting run operation ---
2025-08-01 16:37:57,251 - FLS_CLI - INFO - cifX70e driver is open. Give an argument to process functions
2025-08-01 16:37:57,251 - FLS_CLI - INFO - 
--- Starting Reading Operation ---
2025-08-01 16:37:57,251 - FLS_CLI - INFO - Reading from hardware
2025-08-01 16:37:57,252 - FLS_CLI - INFO - 
--- Starting Processing Operation ---
2025-08-01 16:37:57,358 - core.text_logger - ERROR - Error 10002: No unprocessed images found.
Logger is defined correctly
2025-08-01 16:37:57,359 - core.image_processor - WARNING - No image found in the directory
2025-08-01 16:37:57,359 - FLS_CLI - INFO - cifX70e driver closed.
2025-08-01 16:44:33,193 - CIFX70E_DP - DEBUG - starting to use CIFX70E_DP module
2025-08-01 16:44:33,202 - FLS_CLI - INFO - Program started
2025-08-01 16:44:33,208 - CIFX70E_DP - INFO - Passed: cifX70e driver is open, continuing workflow.
2025-08-01 16:44:35,212 - CIFX70E_DP - INFO - Passed: Card detected succesfully
2025-08-01 16:44:37,216 - CIFX70E_DP - INFO - Passed: Device connected succesfully
2025-08-01 16:44:39,218 - FLS_CLI - INFO - cifX70e driver is open. Give an argument to process functions
2025-08-01 16:44:39,219 - FLS_CLI - INFO - --- Starting run operation ---
2025-08-01 16:44:39,219 - FLS_CLI - INFO - 
--- Starting Reading Operation ---
2025-08-01 16:44:39,219 - FLS_CLI - INFO - Reading from hardware
2025-08-01 16:44:39,221 - FLS_CLI - INFO - 
--- Starting Processing Operation ---
2025-08-01 16:44:39,351 - core.text_logger - ERROR - Error 10002: No unprocessed images found.
Logger is defined correctly
2025-08-01 16:44:39,351 - core.image_processor - WARNING - No image found in the directory
2025-08-01 16:44:39,352 - FLS_CLI - INFO - cifX70e driver closed.
2025-08-01 16:46:09,412 - CIFX70E_DP - DEBUG - starting to use CIFX70E_DP module
2025-08-01 16:46:09,423 - FLS_CLI - INFO - Program started
2025-08-01 16:46:09,430 - CIFX70E_DP - INFO - Passed: cifX70e driver is open, continuing workflow.
2025-08-01 16:46:11,433 - CIFX70E_DP - INFO - Passed: Card detected succesfully
2025-08-01 16:46:13,436 - CIFX70E_DP - INFO - Passed: Device connected succesfully
2025-08-01 16:46:15,437 - FLS_CLI - INFO - cifX70e driver is open. Give an argument to process functions
2025-08-01 16:46:15,438 - FLS_CLI - INFO - --- Starting run operation ---
2025-08-01 16:46:15,438 - FLS_CLI - INFO - 
--- Starting Reading Operation ---
2025-08-01 16:46:15,438 - FLS_CLI - INFO - Reading from hardware
2025-08-01 16:46:15,439 - FLS_CLI - INFO - 
--- Starting Processing Operation ---
2025-08-01 16:46:15,571 - ERROR - ERROR - Error 10002: No unprocessed images found.
Logger is defined correctly
2025-08-01 16:46:15,572 - core.image_processor - WARNING - No image found in the directory
2025-08-01 16:46:15,573 - FLS_CLI - INFO - cifX70e driver closed.
2025-08-01 16:47:05,236 - CIFX70E_DP - DEBUG - starting to use CIFX70E_DP module
2025-08-01 16:47:05,250 - FLS_CLI - INFO - Program started
2025-08-01 16:47:05,256 - CIFX70E_DP - INFO - Passed: cifX70e driver is open, continuing workflow.
2025-08-01 16:47:07,259 - CIFX70E_DP - INFO - Passed: Card detected succesfully
2025-08-01 16:47:09,264 - CIFX70E_DP - INFO - Passed: Device connected succesfully
2025-08-01 16:47:11,266 - FLS_CLI - INFO - cifX70e driver is open. Give an argument to process functions
2025-08-01 16:47:11,268 - FLS_CLI - INFO - --- Starting run operation ---
2025-08-01 16:47:11,268 - FLS_CLI - INFO - 
--- Starting Reading Operation ---
2025-08-01 16:47:11,269 - FLS_CLI - INFO - Reading from hardware
2025-08-01 16:47:11,270 - FLS_CLI - INFO - 
--- Starting Processing Operation ---
2025-08-01 16:47:11,395 - core.text_logger - ERROR - Error 10002: No unprocessed images found.
Logger is defined correctly
2025-08-01 16:47:11,395 - core.image_processor - WARNING - No image found in the directory
2025-08-01 16:47:11,396 - FLS_CLI - INFO - cifX70e driver closed.
2025-08-01 16:48:20,945 - CIFX70E_DP - DEBUG - starting to use CIFX70E_DP module
2025-08-01 16:48:20,955 - FLS_CLI - INFO - Program started
2025-08-01 16:48:20,961 - CIFX70E_DP - INFO - Passed: cifX70e driver is open, continuing workflow.
2025-08-01 16:48:22,964 - CIFX70E_DP - INFO - Passed: Card detected succesfully
2025-08-01 16:48:24,967 - CIFX70E_DP - INFO - Passed: Device connected succesfully
2025-08-01 16:48:26,968 - FLS_CLI - INFO - cifX70e driver is open. Give an argument to process functions
2025-08-01 16:48:26,969 - FLS_CLI - INFO - --- Starting run operation ---
2025-08-01 16:48:26,970 - FLS_CLI - INFO - 
--- Starting Reading Operation ---
2025-08-01 16:48:26,970 - FLS_CLI - INFO - Reading from hardware
2025-08-01 16:48:26,971 - FLS_CLI - INFO - 
--- Starting Processing Operation ---
2025-08-01 16:48:27,100 - core.text_logger - ERROR - Error 10002: No unprocessed images found.
Logger is defined correctly
2025-08-01 16:48:27,100 - Image Processor - WARNING - No image found in the directory
2025-08-01 16:48:27,101 - FLS_CLI - INFO - cifX70e driver closed.
2025-08-01 16:52:39,011 - CIFX70E_DP - DEBUG - starting to use CIFX70E_DP module
2025-08-01 16:52:39,022 - FLS_CLI - INFO - Program started
2025-08-01 16:52:39,029 - CIFX70E_DP - INFO - Passed: cifX70e driver is open, continuing workflow.
2025-08-01 16:52:41,033 - CIFX70E_DP - INFO - Passed: Card detected succesfully
2025-08-01 16:52:43,037 - CIFX70E_DP - INFO - Passed: Device connected succesfully
2025-08-01 16:52:45,038 - FLS_CLI - INFO - cifX70e driver is open. Give an argument to process functions
2025-08-01 16:52:45,039 - FLS_CLI - INFO - --- Starting run operation ---
2025-08-01 16:52:45,040 - FLS_CLI - INFO - 
--- Starting Reading Operation ---
2025-08-01 16:52:45,040 - FLS_CLI - INFO - Reading from hardware
2025-08-01 16:52:45,041 - FLS_CLI - INFO - 
--- Starting Processing Operation ---
2025-08-01 16:52:45,149 - core.text_logger - ERROR - Error 10002: No unprocessed images found.
Logger is defined correctly
2025-08-01 16:52:45,150 - Image Processor - WARNING - No image found in the directory
2025-08-01 16:52:45,150 - FLS_CLI - INFO - cifX70e driver closed.
2025-08-01 16:53:56,832 - CIFX70E_DP - DEBUG - starting to use CIFX70E_DP module
2025-08-01 16:53:56,845 - FLS_CLI - INFO - Program started
2025-08-01 16:53:56,852 - CIFX70E_DP - INFO - Passed: cifX70e driver is open, continuing workflow.
2025-08-01 16:53:58,854 - CIFX70E_DP - INFO - Passed: Card detected succesfully
2025-08-01 16:54:00,933 - CIFX70E_DP - INFO - Passed: Device connected succesfully
2025-08-01 16:54:02,935 - FLS_CLI - INFO - cifX70e driver is open. Give an argument to process functions
2025-08-01 16:54:02,936 - FLS_CLI - INFO - --- Starting run operation ---
2025-08-01 16:54:02,936 - FLS_CLI - INFO - 
--- Starting Reading Operation ---
2025-08-01 16:54:02,936 - FLS_CLI - INFO - Reading from hardware
2025-08-01 16:54:02,937 - FLS_CLI - INFO - 
--- Starting Processing Operation ---
2025-08-01 16:54:03,051 - core.text_logger - ERROR - Error 10002: No unprocessed images found.
Logger is defined correctly
2025-08-01 16:54:03,051 - Image Processor - WARNING - No image found in the directory
2025-08-01 16:54:03,052 - FLS_CLI - INFO - cifX70e driver closed.
2025-08-01 16:56:18,921 - CIFX70E_DP - DEBUG - starting to use CIFX70E_DP module
2025-08-01 16:56:18,932 - FLS_CLI - INFO - Program started
2025-08-01 16:56:18,940 - CIFX70E_DP - INFO - Passed: cifX70e driver is open, continuing workflow.
2025-08-01 16:56:20,944 - CIFX70E_DP - INFO - Passed: Card detected succesfully
2025-08-01 16:56:22,948 - CIFX70E_DP - INFO - Passed: Device connected succesfully
2025-08-01 16:56:24,951 - FLS_CLI - INFO - cifX70e driver is open. Give an argument to process functions
2025-08-01 16:56:24,953 - FLS_CLI - INFO - --- Starting run operation ---
2025-08-01 16:56:24,953 - FLS_CLI - INFO - 
--- Starting Reading Operation ---
2025-08-01 16:56:24,953 - FLS_CLI - INFO - Reading from hardware
2025-08-01 16:56:24,955 - FLS_CLI - INFO - 
--- Starting Processing Operation ---
2025-08-01 16:56:25,100 - core.text_logger - ERROR - Error 10002: No unprocessed images found.
Logger is defined correctly
2025-08-01 16:56:25,101 - FLS_CLI - INFO - cifX70e driver closed.
2025-08-01 16:57:47,157 - CIFX70E_DP - DEBUG - starting to use CIFX70E_DP module
2025-08-01 16:57:47,168 - FLS_CLI - INFO - Program started
2025-08-01 16:57:47,174 - CIFX70E_DP - INFO - Passed: cifX70e driver is open, continuing workflow.
2025-08-01 16:57:49,177 - CIFX70E_DP - INFO - Passed: Card detected succesfully
2025-08-01 16:57:51,181 - CIFX70E_DP - INFO - Passed: Device connected succesfully
2025-08-01 16:57:53,182 - FLS_CLI - INFO - cifX70e driver is open. Give an argument to process functions
2025-08-01 16:57:53,184 - FLS_CLI - INFO - --- Starting run operation ---
2025-08-01 16:57:53,184 - FLS_CLI - INFO - 
--- Starting Reading Operation ---
2025-08-01 16:57:53,184 - FLS_CLI - INFO - Reading from hardware
2025-08-01 16:57:53,186 - FLS_CLI - INFO - 
--- Starting Processing Operation ---
2025-08-01 16:57:53,231 - Image Processor - ERROR - Error 10002: No unprocessed images found.
Logger is defined correctly
2025-08-01 16:57:53,232 - FLS_CLI - INFO - cifX70e driver closed.
